RAM Allocation
Variable                                                          Address   Size
--------------------------------------------------------------------------------
ucPacket                                                          0260h      270
ucIndex                                                           036Eh        1
ucLength                                                          036Fh        1
ucRS232Started                                                    0370h        1
ucCommand                                                         0371h        1
ucPostableBits                                                    0372h        1
iMaxLength                                                        0373h        2
ucState                                                           0375h        1
ucByteCounter                                                     0376h        1
ucBitCounter                                                      0377h        1
ucCorrectionCounter                                               0378h        1
ucByte                                                            0379h        1
ucFec                                                             037Ah        1
rx_buffer                                                         037Bh      255
tx_buffer                                                         047Ah      255
p                                                                 0579h        2

EEPROM Allocation
Variable                                                          Address   Size
--------------------------------------------------------------------------------

Register Allocation
Variable                                                          Register  Size
--------------------------------------------------------------------------------
bAck                                                              R2.0      1bit
bLastCLRT                                                         R2.1      1bit
rx_wr_index                                                       R5           1
rx_rd_index                                                       R4           1
rx_counter                                                        R7           1
rx_buffer_overflow                                                R2.2      1bit
tx_wr_index                                                       R6           1
tx_rd_index                                                       R9           1
tx_counter                                                        R8           1
